// Jest Snapshot v1, https://goo.gl/fbAQLP

exports[`The ChatMemberList Component renders as expected 1`] = `
<div>
  <h1
    className="chatMemberTitle"
  >
    Chat Members
  </h1>
</div>
`;
