// Jest Snapshot v1, https://goo.gl/fbAQLP

exports[`The Search Table Component renders as expected 1`] = `
<div
  className="ant-table-wrapper"
>
  <div
    className="ant-spin-nested-loading"
  >
    <div
      className="ant-spin-container"
    >
      <div
        className="ant-table ant-table-default ant-table-empty ant-table-scroll-position-left"
        style={Object {}}
      >
        <div
          className="ant-table-content"
        >
          <div
            className="ant-table-body"
            onScroll={[Function]}
            onWheel={[Function]}
            style={Object {}}
          >
            <table
              className=""
              style={Object {}}
            >
              <colgroup>
                <col
                  style={
                    Object {
                      "minWidth": undefined,
                      "width": undefined,
                    }
                  }
                />
                <col
                  style={
                    Object {
                      "minWidth": undefined,
                      "width": undefined,
                    }
                  }
                />
                <col
                  style={
                    Object {
                      "minWidth": undefined,
                      "width": undefined,
                    }
                  }
                />
              </colgroup>
              <thead
                className="ant-table-thead"
              >
                <tr
                  style={
                    Object {
                      "height": null,
                    }
                  }
                >
                  <th
                    className=""
                  >
                    <span
                      className="ant-table-header-column"
                    >
                      <div>
                        <span
                          className="ant-table-column-title"
                        >
                          Name
                        </span>
                        <span
                          className="ant-table-column-sorter"
                        />
                      </div>
                    </span>
                  </th>
                  <th
                    className=""
                  >
                    <span
                      className="ant-table-header-column"
                    >
                      <div>
                        <span
                          className="ant-table-column-title"
                        >
                          Date
                        </span>
                        <span
                          className="ant-table-column-sorter"
                        />
                      </div>
                    </span>
                  </th>
                  <th
                    className=""
                  >
                    <span
                      className="ant-table-header-column"
                    >
                      <div>
                        <span
                          className="ant-table-column-title"
                        >
                          Message
                        </span>
                        <span
                          className="ant-table-column-sorter"
                        />
                      </div>
                    </span>
                  </th>
                </tr>
              </thead>
              <tbody
                className="ant-table-tbody"
              />
            </table>
          </div>
          <div
            className="ant-table-placeholder"
          >
            <div
              className="ant-empty ant-empty-normal"
            >
              <div
                className="ant-empty-image"
              >
                <img
                  alt="No Data"
                  src="data:image/svg+xml;base64,PHN2ZyB3aWR0aD0iNjQiIGhlaWdodD0iNDEiIHZpZXdCb3g9IjAgMCA2NCA0MSIgIHhtbG5zPSJodHRwOi8vd3d3LnczLm9yZy8yMDAwL3N2ZyI+CiAgPGcgdHJhbnNmb3JtPSJ0cmFuc2xhdGUoMCAxKSIgZmlsbD0ibm9uZSIgZmlsbC1ydWxlPSJldmVub2RkIj4KICAgIDxlbGxpcHNlIGZpbGw9IiNGNUY1RjUiIGN4PSIzMiIgY3k9IjMzIiByeD0iMzIiIHJ5PSI3Ii8+CiAgICA8ZyBmaWxsLXJ1bGU9Im5vbnplcm8iIHN0cm9rZT0iI0Q5RDlEOSI+CiAgICAgIDxwYXRoIGQ9Ik01NSAxMi43Nkw0NC44NTQgMS4yNThDNDQuMzY3LjQ3NCA0My42NTYgMCA0Mi45MDcgMEgyMS4wOTNjLS43NDkgMC0xLjQ2LjQ3NC0xLjk0NyAxLjI1N0w5IDEyLjc2MVYyMmg0NnYtOS4yNHoiLz4KICAgICAgPHBhdGggZD0iTTQxLjYxMyAxNS45MzFjMC0xLjYwNS45OTQtMi45MyAyLjIyNy0yLjkzMUg1NXYxOC4xMzdDNTUgMzMuMjYgNTMuNjggMzUgNTIuMDUgMzVoLTQwLjFDMTAuMzIgMzUgOSAzMy4yNTkgOSAzMS4xMzdWMTNoMTEuMTZjMS4yMzMgMCAyLjIyNyAxLjMyMyAyLjIyNyAyLjkyOHYuMDIyYzAgMS42MDUgMS4wMDUgMi45MDEgMi4yMzcgMi45MDFoMTQuNzUyYzEuMjMyIDAgMi4yMzctMS4zMDggMi4yMzctMi45MTN2LS4wMDd6IiBmaWxsPSIjRkFGQUZBIi8+CiAgICA8L2c+CiAgPC9nPgo8L3N2Zz4K"
                />
              </div>
              <p
                className="ant-empty-description"
              >
                No Data
              </p>
            </div>
          </div>
        </div>
      </div>
    </div>
  </div>
</div>
`;
