// Jest Snapshot v1, https://goo.gl/fbAQLP

exports[`The Search Section renders as expected 1`] = `<div />`;
